// Jest Snapshot v1, https://goo.gl/fbAQLP

exports[`renders missions component correctly 1`] = `undefined`;
