// Jest Snapshot v1, https://goo.gl/fbAQLP

exports[`renders rockets component correctly 1`] = `undefined`;
